---
source: tui/src/chatwidget/tests.rs
expression: terminal.backend()
---
"                                                                                "
"                                                                                "
"› Ask ThinWedge to do anything                                                      "
"                                                                                "
"  gpt-5.3-thinwedge high · Roadmap cleanup                                          "
